// Jest Snapshot v1, https://goo.gl/fbAQLP

exports[`<Spinner /> should render properly 1`] = `
<div
  className="sc-bdVaJa fDxmDd"
/>
`;
