// Jest Snapshot v1, https://goo.gl/fbAQLP

exports[`<Chat /> should render properly 1`] = `
<styled.div>
  <ChatHeader
    contact={
      Object {
        "image": "img/foo.jpg",
        "name": "Dumb",
      }
    }
  />
  <MessageList
    messages={Array []}
  />
  <MessageInput
    onSend={[Function]}
  />
</styled.div>
`;
