// Jest Snapshot v1, https://goo.gl/fbAQLP

exports[`<Loading /> should render properly 1`] = `
<div
  className="center"
>
  <div
    className="spinner"
  />
</div>
`;
